BIT_ATTR_TEXT	EQU 00004H
CHECK1ST	EQU 00136H
CHECK1ST_END	EQU 00140H
CLR_PALET	EQU 00068H
CLR_VRAM	EQU 00283H
CLR_VRAM_1	EQU 00286H
CLR_VRAM_2	EQU 0028DH
CLR_VRAM_ALL	EQU 00274H
CLR_VRAM_END	EQU 00299H
CLR_VRAM_TOP	EQU 0027EH
CLR_VRAM_TOP_1	EQU 00280H
CLSCHR		EQU 0F8D1H
CMT_LOAD1ST	EQU 00515H
CMT_LOAD1ST_END	EQU 0052BH
CMT_LOADFILE	EQU 0054BH
CMT_LOADFILE_1	EQU 0055FH
CMT_LOADFILE_END EQU 0056FH
CMT_LOADFILE_EXIT EQU 0056DH
CMT_LOADIFB	EQU 0052BH
CMT_LOADIFB_1	EQU 00540H
CMT_LOADIFB_END	EQU 0054BH
CMT_LOADIFB_EXIT EQU 0054AH
COLORF		EQU 0F8D0H
DATA_END	EQU 00BB7H
DATA_TOP	EQU 00A80H
EMM_LOAD1ST	EQU 00247H
EMM_LOAD1ST_1	EQU 00256H
EMM_LOAD1ST_2	EQU 00263H
EMM_LOAD1ST_3	EQU 0026DH
EMM_LOAD1ST_4	EQU 00273H
EMM_LOAD1ST_END	EQU 00274H
EMM_LOADFILE	EQU 004A4H
EMM_LOADFILE_1	EQU 004B4H
EMM_LOADFILE_END EQU 004BEH
EMM_SETIO	EQU 00240H
END_EMM_SETIO	EQU 00247H
ERR_LOAD	EQU 00051H
ERR_LOAD_END	EQU 0005DH
ERR_MISSING	EQU 0005DH
ERR_MISSING_1	EQU 00060H
EXECADR		EQU 0FF93H
EXEC_MON	EQU 0063DH
EXEC_MON_1	EQU 00640H
EXEC_MON_END	EQU 00671H
EXEC_RAM	EQU 0049BH
EXEC_RAM_EMD	EQU 004A4H
FDC_CMD		EQU 00168H
FDC_READ	EQU 00199H
FDC_READ_1	EQU 001B2H
FDC_READ_2	EQU 001C2H
FDC_READ_END	EQU 001C4H
FDC_RESTORE	EQU 00166H
FDC_SEEK	EQU 00174H
FDC_SEEK_END	EQU 00183H
FILEBUF		EQU 0FE00H
INIT_CRT	EQU 00011H
INIT_CRT_1	EQU 00013H
INIT_CRT_END	EQU 00027H
INIT_WORK	EQU 00000H
INIT_WORK_1	EQU 00008H
INIT_WORK_END	EQU 0000BH
INPBUF		EQU 0FF90H
INPSIZ		EQU 0000EH
INP_MENU	EQU 000F5H
INP_MENU_END	EQU 00108H
IO80C49		EQU 01900H
IO8255B		EQU 01A01H
IO8255C		EQU 01A02H
IOATTR		EQU 02000H
IOCRTC		EQU 01800H
IOEMM		EQU 00D03H
IOEMM_H		EQU 00D02H
IOEMM_L		EQU 00D00H
IOEMM_M		EQU 00D01H
IOFDCCR		EQU 00FF8H
IOFDCDR		EQU 00FFBH
IOFDCNO		EQU 00FFCH
IOFDCSR		EQU 00FFAH
IOFDCTR		EQU 00FF9H
IOIPLOF		EQU 01E00H
IOPALET		EQU 01200H
IOROM		EQU 00E03H
IOROM_H		EQU 00E00H
IOROM_L		EQU 00E02H
IOROM_M		EQU 00E01H
IOTEXT		EQU 03000H
IPLBOT		EQU 00000H
IPLDRV		EQU 0FF87H
IPLKEY		EQU 0038AH
IPLKEY_1	EQU 0038BH
IPLKEY_2	EQU 00391H
IPLKEY_END	EQU 00399H
IPLPRN		EQU 003CBH
IPLPRN_1	EQU 003CFH
IPLPRN_END	EQU 003D9H
IPLPRN_XY	EQU 003AFH
IPLPTC		EQU 003D9H
IPLPTC_1	EQU 003DFH
IPLPTC_END	EQU 003EDH
IPLPTC_EXIT	EQU 003E8H
IPL_CMT		EQU 004F3H
IPL_CMT_1	EQU 0050FH
IPL_CMT_END	EQU 00515H
IPL_LOAD	EQU 00089H
IPL_LOAD_0	EQU 0009FH
IPL_LOAD_1	EQU 000DBH
IPL_LOAD_END	EQU 000E1H
IPL_LOOP	EQU 0002AH
IPL_LOOP2	EQU 0004BH
IPL_LOOP_END	EQU 00050H
IPL_MENU	EQU 000E1H
IPL_MENU_1	EQU 000E9H
IPL_PUTCHAR	EQU 003BBH
IPL_PUTCHAR_END	EQU 003C8H
IS_CMT_END	EQU 004F3H
IS_CMT_READY	EQU 004EEH
IS_FDD_READY	EQU 00140H
IS_FDD_READY_1	EQU 00158H
IS_FDD_READY_2	EQU 00164H
KBHIT		EQU 00399H
KBHIT_END	EQU 003AFH
LD_TEXT_ADDR	EQU 003EDH
LD_TEXT_ADDR_1	EQU 003F1H
LD_TEXT_ADDR_END EQU 003F6H
LOAD1ST		EQU 00192H
LOAD1ST_COM	EQU 00183H
LOAD1ST_END	EQU 00192H
LOADFILE	EQU 0021AH
LOADFILE_1	EQU 0022DH
LOADFILE_2	EQU 00237H
LOADFILE_3	EQU 001E9H
LOADFILE_4	EQU 00201H
LOADFILE_COM	EQU 001C4H
LOADFILE_COM_1	EQU 001D2H
LOADFILE_COM_END EQU 001DCH
LOADFILE_END	EQU 00240H
LOADFILE_MAIN	EQU 001E2H
LOADFILE_MAIN_END EQU 0020AH
MONADR		EQU 0FF9EH
MON_2HEX	EQU 00744H
MON_2HEX_1	EQU 0074AH
MON_2HEX_2	EQU 00762H
MON_2HEX_END	EQU 00763H
MON_ASC		EQU 00726H
MON_ASC_END	EQU 0072FH
MON_DUMP	EQU 00676H
MON_DUMP1	EQU 0068EH
MON_DUMP1_1	EQU 00699H
MON_DUMP1_2	EQU 006ABH
MON_DUMP1_END	EQU 006B6H
MON_DUMP_1	EQU 0067CH
MON_DUMP_2	EQU 00683H
MON_DUMP_END	EQU 0068EH
MON_GETS	EQU 006C3H
MON_GETS_1	EQU 006C6H
MON_GETS_2	EQU 006DEH
MON_GETS_3	EQU 006E8H
MON_GETS_4	EQU 006F7H
MON_GETS_END	EQU 00700H
MON_HEX		EQU 0072FH
MON_HEX_1	EQU 00742H
MON_HEX_2	EQU 00743H
MON_HEX_END	EQU 00744H
MON_HLHEX	EQU 00763H
MON_HLHEX_1	EQU 0076EH
MON_HLHEX_END	EQU 00771H
MON_LOAD1ST	EQU 006B6H
MON_LOAD1ST_END	EQU 006C3H
MON_PRINTS	EQU 0070BH
MON_PRINTS_END	EQU 00710H
MON_PRTHL	EQU 0071FH
MON_PRTHL_END	EQU 00726H
MON_PRTHX	EQU 00710H
MON_PRTHX_1	EQU 00719H
MON_PRTHX_AND	EQU 0071FH
MON_SKIP_SPC	EQU 00700H
MON_SKIP_SPC_1	EQU 00701H
MON_SKIP_SPC_2	EQU 00709H
MON_SKIP_SPC_END EQU 0070BH
MON_TEST	EQU 00671H
MON_TEST_END	EQU 00676H
MSG_ADDR_MENU	EQU 00B8AH
MSG_END		EQU 00B8AH
MSG_ERROR	EQU 00A9AH
MSG_LOADING	EQU 00AF2H
MSG_LOOKCMT	EQU 00AECH
MSG_LOOKING	EQU 00ACCH
MSG_MENU1	EQU 00B18H
MSG_MENU2	EQU 00B31H
MSG_MENU3	EQU 00B58H
MSG_MENU4	EQU 00B62H
MSG_MENU5	EQU 00B6AH
MSG_MENU6	EQU 00B72H
MSG_MENU7	EQU 00B7AH
MSG_MENU8	EQU 00B82H
MSG_MISSING	EQU 00B04H
MSG_WAITING	EQU 00AA9H
MSG_WELCOME	EQU 00A80H
MT_CTRL		EQU 0056FH
MT_CTRL_END	EQU 0058BH
MT_EDGE		EQU 005BEH
MT_EDGE_1	EQU 005C6H
MT_EDGE_2	EQU 005CEH
MT_EDGE_END	EQU 005D0H
MT_RDBIT	EQU 005D0H
MT_RDBIT_1	EQU 005D7H
MT_RDBIT_D	EQU 005DFH
MT_RDBIT_D_END	EQU 005EAH
MT_RDBIT_D_EXIT	EQU 005E9H
MT_RDBIT_END	EQU 005DFH
MT_RDBIT_EXIT	EQU 005DEH
MT_RDBYTE	EQU 0061AH
MT_RDBYTE_END	EQU 0063DH
MT_RDBYTE_EXIT	EQU 0063CH
MT_SKIP0	EQU 00600H
MT_SKIP0_END	EQU 0060DH
MT_SKIP0_EXIT	EQU 0060CH
MT_SKIP1	EQU 0060DH
MT_SKIP1111	EQU 005EAH
MT_SKIP1111_1	EQU 005EBH
MT_SKIP1111_2	EQU 005EDH
MT_SKIP1111_3	EQU 005F7H
MT_SKIP1111_END	EQU 00600H
MT_SKIP1111_EXIT EQU 005FEH
MT_SKIP1_END	EQU 0061AH
MT_SKIP1_EXIT	EQU 00619H
MT_STAT		EQU 0058BH
MT_STAT_END	EQU 005BEH
PARM40		EQU 00B9BH
PARM80		EQU 00BA9H
PRT_DRV		EQU 00074H
READ_80C49	EQU 002A3H
READ_80C49_1	EQU 002A6H
READ_80C49_END	EQU 002B2H
REDIREC		EQU 0FF90H
ROM_LOADFILE	EQU 004BEH
ROM_LOADFILE_1	EQU 004CDH
ROM_LOADFILE_2	EQU 004ECH
ROM_LOADFILE_END EQU 004EEH
RST_066H	EQU 00066H
SET_IPLDRV	EQU 00108H
SET_IPLDRV_1	EQU 0011EH
SET_IPLDRV_2	EQU 0011FH
SET_IPLDRV_END	EQU 00126H
ST_CUR_ADDR	EQU 003F6H
ST_CUR_ADDR_END	EQU 003FFH
TEXT_STD	EQU 02007H
TXTATR		EQU 0FF86H
TXTCUR		EQU 0FF80H
TXTSIZ		EQU 00800H
TXT_BS		EQU 00427H
TXT_BS_END	EQU 0043AH
TXT_CURON	EQU 0043AH
TXT_CURON_END	EQU 00447H
TXT_ISLAST	EQU 00447H
TXT_ISLAST_1	EQU 00459H
TXT_ISLAST_END	EQU 0045BH
TXT_LTNL	EQU 00400H
TXT_LTNL_1	EQU 0040CH
TXT_LTNL_2	EQU 00416H
TXT_LTNL_3	EQU 0041BH
TXT_LTNL_END	EQU 00427H
TXT_SCROLL	EQU 0045BH
TXT_SCROLL_1	EQU 00465H
TXT_SCROLL_2	EQU 00495H
TXT_SCROLL_END	EQU 0049BH
WAIT1		EQU 001DCH
WAIT2		EQU 001DEH
WAIT_80C49_WR	EQU 00299H
WAIT_80C49_WR_1	EQU 0029CH
WAIT_80C49_WR_END EQU 002A3H
WAIT_FDC_BUSY	EQU 0016DH
WAIT_FDC_BUSY_1	EQU 0016DH
WAIT_FDC_BUSY_END EQU 00174H
WAIT_MOMENT	EQU 0007CH
WAIT_MOMENT_1	EQU 00081H
WAIT_MOMENT_END	EQU 00089H
WRITE_REDIRECTOR EQU 00126H
WRITE_REDIRECTOR_END EQU 00136H
WRKSIZ		EQU 00020H
WRKTOP		EQU 0FF80H
