BIT_ATTR_TEXT	EQU 00004H
CHECK1ST	EQU 0011CH
CHECK1ST_END	EQU 00136H
CLR_PALET	EQU 00068H
CLR_VRAM	EQU 0036AH
CLR_VRAM_1	EQU 0036DH
CLR_VRAM_2	EQU 00374H
CLR_VRAM_ALL	EQU 00361H
CLR_VRAM_TOP	EQU 00365H
CLR_VRAM_TOP_1	EQU 00367H
CLSCHR		EQU 0F8D1H
CMT_LOAD1ST	EQU 004B4H
CMT_LOAD1ST_1	EQU 004C9H
CMT_LOAD1ST_END	EQU 004D4H
CMT_LOAD1ST_EXIT EQU 004D3H
CMT_LOADFILE	EQU 004D4H
CMT_LOADFILE_1	EQU 004E8H
CMT_LOADFILE_END EQU 004F8H
CMT_LOADFILE_EXIT EQU 004F6H
COLORF		EQU 0F8D0H
DATA_END	EQU 007B7H
DATA_TOP	EQU 00680H
EMM_LOAD1ST	EQU 001B2H
EMM_LOAD1ST_1	EQU 001BEH
EMM_LOAD1ST_END	EQU 001C8H
EMM_LOADFILE	EQU 00409H
EMM_LOADFILE_1	EQU 0041EH
EMM_LOADFILE_END EQU 00425H
EMM_READ	EQU 001C8H
EMM_READ_1	EQU 001D5H
EMM_READ_2	EQU 001D7H
EMM_READ_3	EQU 001DDH
EMM_READ_4	EQU 001E3H
EMM_READ_END	EQU 001E7H
ERR_LOAD	EQU 00051H
ERR_LOAD_END	EQU 0005DH
ERR_MISSING	EQU 0005DH
ERR_MISSING_1	EQU 00060H
EXECADR		EQU 0FF93H
EXEC_MON	EQU 005B8H
EXEC_MON_END	EQU 005BBH
EXEC_RAM	EQU 00400H
EXEC_RAM_EMD	EQU 00409H
FDC_CMD		EQU 00157H
FDC_READ	EQU 0017EH
FDC_READ_1	EQU 00197H
FDC_READ_2	EQU 001A7H
FDC_READ_END	EQU 001A9H
FDC_RESTORE	EQU 00155H
FDC_SEEK	EQU 00163H
FILEBUF		EQU 0FE00H
INIT_CRT	EQU 00011H
INIT_CRT_1	EQU 00013H
INIT_CRT_END	EQU 00027H
INIT_WORK	EQU 00000H
INIT_WORK_1	EQU 00008H
INIT_WORK_END	EQU 0000BH
INP_MENU	EQU 000DFH
INP_MENU_1	EQU 00107H
INP_MENU_END	EQU 0010CH
IO80C49		EQU 01900H
IO8255B		EQU 01A01H
IO8255C		EQU 01A02H
IOATTR		EQU 02000H
IOCRTC		EQU 01800H
IOEMM		EQU 00D03H
IOEMM_H		EQU 00D02H
IOEMM_L		EQU 00D00H
IOEMM_M		EQU 00D01H
IOFDCCR		EQU 00FF8H
IOFDCDR		EQU 00FFBH
IOFDCNO		EQU 00FFCH
IOFDCSR		EQU 00FFAH
IOFDCTR		EQU 00FF9H
IOIPLOF		EQU 01E00H
IOPALET		EQU 01200H
IOROM		EQU 00E03H
IOROM_H		EQU 00E00H
IOROM_L		EQU 00E02H
IOROM_M		EQU 00E01H
IOTEXT		EQU 03000H
IPLBOT		EQU 00000H
IPLDRV		EQU 0FF87H
IPLKEY		EQU 0038AH
IPLPRN		EQU 003CBH
IPLPRN_1	EQU 003CFH
IPLPRN_END	EQU 003D9H
IPLPRN_XY	EQU 003B2H
IPLPTC		EQU 003D9H
IPLPTC_1	EQU 003DFH
IPLPTC_END	EQU 003EDH
IPLPTC_EXIT	EQU 003E8H
IPL_CMT		EQU 00442H
IPL_CMT_1	EQU 004AEH
IPL_CMT_END	EQU 004B4H
IPL_LOAD	EQU 00089H
IPL_LOAD_1	EQU 000C5H
IPL_LOAD_END	EQU 000CBH
IPL_LOOP	EQU 0002AH
IPL_LOOP2	EQU 0004BH
IPL_LOOP_END	EQU 00050H
IPL_MENU	EQU 000CBH
IPL_MENU_1	EQU 000D3H
IPL_PUTCHAR	EQU 003BEH
IPL_PUTCHAR_END	EQU 003CBH
IS_BOOT_FDD	EQU 0035BH
IS_BOOT_FDD_END	EQU 00361H
IS_FDD_READY	EQU 00136H
IS_FDD_READY_1	EQU 00147H
IS_FDD_READY_2	EQU 00153H
LD_TEXT_ADDR	EQU 003EDH
LD_TEXT_ADDR_1	EQU 003F1H
LD_TEXT_ADDR_END EQU 003F6H
LOAD1ST		EQU 00172H
LOADFILE	EQU 0021AH
LOADFILE_1	EQU 0022DH
LOADFILE_2	EQU 00237H
LOADFILE_3	EQU 001F9H
LOADFILE_4	EQU 00211H
LOADFILE_COM	EQU 001A9H
LOADFILE_COM_END EQU 001B2H
LOADFILE_END	EQU 00240H
LOADFILE_MAIN	EQU 001F2H
LOADFILE_MAIN_END EQU 0021AH
MON_ASC		EQU 005D9H
MON_ASC_END	EQU 005E2H
MON_PRINTS	EQU 005BBH
MON_PRINTS_END	EQU 005C3H
MON_PRTHL	EQU 005D2H
MON_PRTHL_END	EQU 005D9H
MON_PRTHX	EQU 005C3H
MON_PRTHX_1	EQU 005CCH
MON_PRTHX_AND	EQU 005D2H
MSG_ADDR_MENU	EQU 0078AH
MSG_END		EQU 0078AH
MSG_ERROR	EQU 0069AH
MSG_LOADING	EQU 006F2H
MSG_LOOKCMT	EQU 006ECH
MSG_LOOKING	EQU 006CCH
MSG_MENU1	EQU 00718H
MSG_MENU2	EQU 00731H
MSG_MENU3	EQU 00758H
MSG_MENU4	EQU 00762H
MSG_MENU5	EQU 0076AH
MSG_MENU6	EQU 00772H
MSG_MENU7	EQU 0077AH
MSG_MENU8	EQU 00782H
MSG_MISSING	EQU 00704H
MSG_WAITING	EQU 006A9H
MSG_WELCOME	EQU 00680H
MT_CTRL		EQU 004F8H
MT_CTRL_END	EQU 00514H
MT_EDGE		EQU 00547H
MT_EDGE_1	EQU 0054FH
MT_EDGE_2	EQU 00557H
MT_EDGE_END	EQU 00559H
MT_RDBIT	EQU 00559H
MT_RDBIT_1	EQU 00560H
MT_RDBIT_D	EQU 00568H
MT_RDBIT_D_END	EQU 00573H
MT_RDBIT_D_EXIT	EQU 00572H
MT_RDBIT_END	EQU 00568H
MT_RDBIT_EXIT	EQU 00567H
MT_RDBYTE	EQU 00595H
MT_RDBYTE_END	EQU 005B8H
MT_RDBYTE_EXIT	EQU 005B7H
MT_SKIP0	EQU 0057BH
MT_SKIP0_END	EQU 00588H
MT_SKIP0_EXIT	EQU 00587H
MT_SKIP1	EQU 00588H
MT_SKIP1111	EQU 00573H
MT_SKIP1111_END	EQU 0057BH
MT_SKIP1111_EXIT EQU 0057AH
MT_SKIP1_END	EQU 00595H
MT_SKIP1_EXIT	EQU 00594H
MT_STAT		EQU 00514H
MT_STAT_END	EQU 00547H
PARM40		EQU 0079BH
PARM80		EQU 007A9H
PRT_DRV		EQU 00074H
READ_80C49	EQU 003A2H
READ_80C49_1	EQU 003A5H
READ_80C49_END	EQU 003B1H
REDIREC		EQU 0FF90H
ROM_LOADFILE	EQU 00425H
ROM_LOADFILE_1	EQU 00427H
ROM_LOADFILE_END EQU 00442H
RST_066H	EQU 00066H
ST_CUR_ADDR	EQU 003F6H
ST_CUR_ADDR_END	EQU 003FFH
TEXT_STD	EQU 02007H
TXTATR		EQU 0FF86H
TXTCUR		EQU 0FF80H
TXTSIZ		EQU 00800H
WAIT1		EQU 001ECH
WAIT2		EQU 001EEH
WAIT_80C49_WR	EQU 00380H
WAIT_80C49_WR_1	EQU 00383H
WAIT_80C49_WR_END EQU 0038AH
WAIT_FDC_BUSY	EQU 0015CH
WAIT_FDC_BUSY_1	EQU 0015CH
WAIT_MOMENT	EQU 0007CH
WAIT_MOMENT_1	EQU 00081H
WRITE_REDIRECTOR EQU 0010CH
WRKSIZ		EQU 00020H
WRKTOP		EQU 0FF80H
